
> win-inferencer-clone@1.0.0 test
> jest __tests__/mock-adapter.test.ts

node.exe : FAIL __tests__/mock-adapter.test.ts
At line:1 char:1
+ & "C:\Program Files\nodejs/node.exe" "C:\Program 
Files\nodejs/node_mo ...
+ ~~~~~~~~~~~~~~~~~~~~~~~~~~~~~~~~~~~~~~~~~~~~~~~~~~~~~~
~~~~~~~~~~~~~~~
    + CategoryInfo          : NotSpecified: (FAIL __tes 
   ts__/mock-adapter.test.ts:String) [], RemoteExcepti  
  on
    + FullyQualifiedErrorId : NativeCommandError
 
  ΓùÅ Test suite failed to run

    Jest encountered an unexpected token

    Jest failed to parse a file. This happens e.g. when 
your code or its dependencies use non-standard 
JavaScript syntax, or when Jest is not configured to 
support such syntax.

    Out of the box Jest supports Babel, which will be 
used to transform your files into valid JS based on 
your Babel configuration.

    By default "node_modules" folder is ignored by 
transformers.

    Here's what you can do:
     ΓÇó If you are trying to use ECMAScript Modules, 
see https://jestjs.io/docs/ecmascript-modules for how 
to enable it.
     ΓÇó If you are trying to use TypeScript, see 
https://jestjs.io/docs/getting-started#using-typescript
     ΓÇó To have some of your "node_modules" files 
transformed, you can specify a custom 
"transformIgnorePatterns" in your config.
     ΓÇó If you need a custom transformation specify a 
"transform" option in your config.
     ΓÇó If you simply want to mock your non-JS modules 
(e.g. binary assets) you can stub them out with the 
"moduleNameMapper" config option.

    You'll find more details and examples of these 
config options in the docs:
    https://jestjs.io/docs/configuration
    For information about custom transformations, see:
    https://jestjs.io/docs/code-transformation

    Details:

    C:\Users\Admin\Desktop\uiux\InferencerC\node_modules
\uuid\dist-node\index.js:1
    ({"Object.<anonymous>":function(module,exports,requi
re,__dirname,__filename,jest){export { default as MAX } 
from './max.js';
                                                        
                              ^^^^^^

    SyntaxError: Unexpected token 'export'

    [0m [90m 1 |[39m [36mimport[39m { 
[33mModel[39m[33m,[39m 
[33mModelRuntimeAdapter[39m[33m,[39m 
[33mChatRequest[39m[33m,[39m 
[33mChatResponse[39m[33m,[39m [33mMessage[39m } 
[36mfrom[39m [32m'../../shared/types'[39m[33m;[39m
    [31m[1m>[22m[39m[90m 2 |[39m [36mimport[39m 
{ v4 [36mas[39m uuidv4 } [36mfrom[39m 
[32m'uuid'[39m[33m;[39m
     [90m   |[39m [31m[1m^[22m[39m
     [90m 3 |[39m
     [90m 4 |[39m [36mexport[39m [36mclass[39m 
[33mMockAdapter[39m [36mimplements[39m 
[33mModelRuntimeAdapter[39m {
     [90m 5 |[39m   [36mprivate[39m 
loaded[33m:[39m boolean [33m=[39m 
[36mfalse[39m[33m;[39m[0m

      at Runtime.createScriptFromCode 
(node_modules/jest-runtime/build/index.js:1505:14)
      at Object.<anonymous> 
(src/server/adapters/mock.ts:2:1)
      at Object.<anonymous> 
(__tests__/mock-adapter.test.ts:1:1)

Test Suites: 1 failed, 1 total
Tests:       0 total
Snapshots:   0 total
Time:        0.485 s
Ran all test suites matching 
/__tests__\\mock-adapter.test.ts/i.
